Script started on Thu Feb 28 21:31:36 2008
sh-2.05$ lscd ../..g++ -Wall -o prog1 prog1.cppsh-2.05$ cd ../..[Kls[K[Klscd ../..g++ -Wall -o prog1 prog1.cppsh-2.05$ ls[Kcd seperate_filessh-2.05$ ls[Kcd assignment03sh-2.05$ ls[Kcd ..ls[Kcd ..ls[Kcd assignment03sh-2.05$ ls[Kcd seperate_filessh-2.05$ ls[Kg++ -Wall -o prog1 prog1.cppsh-2.05$ cd ../..[Kls[K[Kgcc _ -Wall -o memerror2 memerror2,c
gcc: memerror2,c: No such file or directory
gcc: no input files
sh-2.05$ gcc -Wall -o memerror2 memerror2,c  .c 
memerror2.c: In function `main':
memerror2.c:36: warning: implicit declaration of function `strlen'
memerror2.c:37: warning: implicit declaration of function `strcpy'
memerror2.c:43: warning: format argument is not a pointer (arg 2)
sh-2.05$ [Ksh-2.05$ [Ksh-2.05$ [Ksh-2.05$ [Ksh-2.05$ [Ksh-2.05$ 11111    . Let's fix the strlen problem with the stre len head ea r
> 
sh-2.05$ 1. Let's fix the strlen problem with the strlen headeer[A-2.05$ [K
[K[Ash-2.05$ 1. Let's fix the strlen problem with the strlen headeer[A-2.05$ gcc -Wall -o memerror2 memerror2.c [K
[K[Ash-2.05$ gcc -Wall -o memerror2 memerror2.c 
memerror2.c:12:10: #include expects "FILENAME" or <FILENAME>
memerror2.c: In function `main':
memerror2.c:37: warning: implicit declaration of function `strlen'
memerror2.c:38: warning: implicit declaration of function `strcpy'
memerror2.c:44: warning: format argument is not a pointer (arg 2)
sh-2.05$ gcc -Wall -o memerror2 memerror2.c 
memerror2.c: In function `main':
memerror2.c:44: warning: format argument is not a pointer (arg 2)
sh-2.05$ ./memerror2
usage: Segmentation Fault (core dumped)
sh-2.05$ 
sh-2.05$ 2. Lets take care of the seg fd ault
sh: 2.: command not found
sh-2.05$ gdb memerror2
GNU gdb 5.3
Copyright 2002 Free Software Foundation, Inc.
GDB is free software, covered by the GNU General Public License, and you are
welcome to change it and/or distribute copies of it under certain conditions.
Type "show copying" to see the conditions.
There is absolutely no warranty for GDB.  Type "show warranty" for details.
This GDB was configured as "sparc-sun-solaris2.9"...
(no debugging symbols found)...
(gdb) run
Starting program: /net/ugrads/blai4021/CS_121/lab05/memerror2 
(no debugging symbols found)...
(no debugging symbols found)...
(no debugging symbols found)..usage: .
Program received signal SIGSEGV, Segmentation fault.
0xff2b46a4 in strlen () from /usr/lib/libc.so.1
(gdb) break 5
Can't find a default source file
(gdb) file ./memerror2
A program is being debugged already.  Kill it? (y or n) y

Reading symbols from ./memerror2...
(no debugging symbols found)...done.
(gdb) break 1
Can't find a default source file
(gdb) file memerror2.c
"/net/ugrads/blai4021/CS_121/lab05/memerror2.c": not in executable format: File format not recognized
(gdb) brek ak 3
Can't find a default source file
(gdb) run
Starting program:  
No executable file specified.
Use the "file" or "exec-file" command.
(gdb) file ./memerror2
Reading symbols from ./memerror2...
(no debugging symbols found)...done.
(gdb) break 5
Can't find a default source file
(gdb) run 
Starting program: /net/ugrads/blai4021/CS_121/lab05/memerror2 
(no debugging symbols found)...
(no debugging symbols found)...
(no debugging symbols found)..usage: .
Program received signal SIGSEGV, Segmentation fault.
0xff2b46a4 in strlen () from /usr/lib/libc.so.1
(gdb) exit
Undefined command: "exit".  Try "help".
(gdb) qw uit
The program is running.  Exit anyway? (y or n) y
sh-2.05$ ./progra      memerror2 help
Segmentation Fault (core dumped)
sh-2.05$ ./memerror2 helpsh-2.05$ gdb memerror2[Ksh-2.05$ 2. Lets take care of the seg faultsh-2.05$ ./memerror2[Ksh-2.05$ gcc -Wall -o memerror2 memerror2.c 
memerror2.c: In function `main':
memerror2.c:44: warning: format argument is not a pointer (arg 2)
sh-2.05$ gcc -Wall -o memerror2 memerror2.c sh-2.05$ ./memerror2 help[Ksh-2.05$ gdb memerror2[K
GNU gdb 5.3
Copyright 2002 Free Software Foundation, Inc.
GDB is free software, covered by the GNU General Public License, and you are
welcome to change it and/or distribute copies of it under certain conditions.
Type "show copying" to see the conditions.
There is absolutely no warranty for GDB.  Type "show warranty" for details.
This GDB was configured as "sparc-sun-solaris2.9"...
(no debugging symbols found)...
(gdb) quit
sh-2.05$ gdb memerror2.memerror2/memerror2
GNU gdb 5.3
Copyright 2002 Free Software Foundation, Inc.
GDB is free software, covered by the GNU General Public License, and you are
welcome to change it and/or distribute copies of it under certain conditions.
Type "show copying" to see the conditions.
There is absolutely no warranty for GDB.  Type "show warranty" for details.
This GDB was configured as "sparc-sun-solaris2.9"...
(no debugging symbols found)...
(gdb) run
Starting program: /net/ugrads/blai4021/CS_121/lab05/memerror2 
(no debugging symbols found)...
(no debugging symbols found)...
(no debugging symbols found)..usage: .
Program received signal SIGSEGV, Segmentation fault.
0xff2b46a4 in strlen () from /usr/lib/libc.so.1
(gdb) file mrun[Kfile memerror2
A program is being debugged already.  Kill it? (y or n) y

Reading symbols from memerror2...
(no debugging symbols found)...done.
(gdb) run help
Starting program: /net/ugrads/blai4021/CS_121/lab05/memerror2 help
(no debugging symbols found)...
(no debugging symbols found)...
(no debugging symbols found)...
Program received signal SIGSEGV, Segmentation fault.
0xff2b45b4 in strcpy () from /usr/lib/libc.so.1
(gdb) quit
The program is running.  Exit anyway? (y or n) y
sh-2.05$ gdb ./memerror2memerror2[Ksh-2.05$ gcc -Wall -o memerror2 memerror2.c sh-2.05$ ./memerror2 help[Ksh-2.05$ gcc -Wall -o memerror2 memerror2.c 
memerror2.c: In function `main':
memerror2.c:44: warning: format argument is not a pointer (arg 2)
sh-2.05$ gcc -Wall -o memerror2 memerror2.c 
memerror2.c: In function `main':
memerror2.c:44: warning: format argument is not a pointer (arg 2)
sh-2.05$ gcc -Wall -o memerror2 memerror2.c sh-2.05$ gdb ./memerror2[K
GNU gdb 5.3
Copyright 2002 Free Software Foundation, Inc.
GDB is free software, covered by the GNU General Public License, and you are
welcome to change it and/or distribute copies of it under certain conditions.
Type "show copying" to see the conditions.
There is absolutely no warranty for GDB.  Type "show warranty" for details.
This GDB was configured as "sparc-sun-solaris2.9"...
(no debugging symbols found)...
(gdb) run help
Starting program: /net/ugrads/blai4021/CS_121/lab05/memerror2 help
(no debugging symbols found)...
(no debugging symbols found)...
(no debugging symbols found)...
Program received signal SIGSEGV, Segmentation fault.
0xff2b45b4 in strcpy () from /usr/lib/libc.so.1
(gdb) quit
The program is running.  Exit anyway? (y or n) y
sh-2.05$ stop c script
sh: stop: command not found
sh-2.05$ scrpt
sh: scrpt: command not found
sh-2.05$ script
Script started, file is typescript
sh-2.05$ clear
[H[Jsh-2.05$ clearls[Kcd ../..g++ -Wall -o prog1 prog1.cppsh-2.05$ ls[Kcd seperate_filessh-2.05$ ls[Kcd assignment03sh-2.05$ ls[Kcd ..ls[Kemacs mems_and_funcs.hinclude.c[Ktest.h[Kmems_and_funcs.hitest.h[Knclude.ctest.h[Ksh-2.05$ ls[Kemacs itest.hnclude.ctest.h[Knclude.ctest.h[Ksh-2.05$ ls[Kcd driversls[Kcd CS_121-121./includeg++ -Wall -o include include.csh-2.05$ ./include[Kg++ -Wall -o include include.csh-2.05$ gcc include.c[Ksh-2.05$ clear[K./includels[Kgcc include.csh-2.05$ g++ -Wall -o include include.csh-2.05$ gcc include.c[Ksh-2.05$ ls[K./includeclear[Kgcc include.csh-2.05$ g++ -Wall -o include include.csh-2.05$ ./include[Kg++ -Wall -o include include.csh-2.05$ gcc include.c[Ksh-2.05$ clear[Kgcc include.csh-2.05$ g++ -Wall -o include include.csh-2.05$ ./include[Kg++ -Wall -o include include.csh-2.05$ ./include[Kcd CS-121_121ls[Kcd driversls[Kemacs itest.hnclude.ctest.h[Knclude.ctest.h[Ksh-2.05$ ls[Kemacs itest.hnclude.ctest.h[Kmems_and_funcs.hitest.h[Knclude.cmems_and_funcs.hsh-2.05$ ls[Kcd ..ls[Kcd assignment03sh-2.05$ ls[Kcd seperate_filessh-2.05$ ls[Kg++ -Wall -o prog1 prog1.cppsh-2.05$ cd ../..[Kls[Kclear[Kgcc -Wall -o memerro2r22 memerror2.c
memerror2.c: In function `main':
memerror2.c:44: warning: format argument is not a pointer (arg 2)
memerror2.c: In function `reverseIt':
memerror2.c:62: warning: implicit declaration of function `strlen'
sh-2.05$ gcc -Wall -o memerror2 memerror2.c
memerror2.c: In function `main':
memerror2.c:45: warning: format argument is not a pointer (arg 2)
sh-2.05$ ./memerror2   test123
Segmentation Fault (core dumped)
sh-2.05$ 2
sh: 2: command not found
sh-2.05$ 
sh-2.05$ 
sh-2.05$ 
sh-2.05$ 
sh-2.05$ 
sh-2.05$ 
sh-2.05$ 
sh-2.05$ 
sh-2.05$ 
sh-2.05$ 
sh-2.05$ 2./memerror2 test123sh-2.05$ gcc -Wall -o memerror2 memerror2.c
memerror2.c: In function `main':
memerror2.c:45: warning: format argument is not a pointer (arg 2)
sh-2.05$ gcc -Wall -o memerror2 memerror2.csh-2.05$ 2[K./memerror2 test123
Segmentation Fault (core dumped)
sh-2.05$ 3
sh: 3: command not found
sh-2.05$ 
sh-2.05$ 
sh-2.05$ 
sh-2.05$ 
sh-2.05$ 
sh-2.05$ 
sh-2.05$ 
sh-2.05$ 
sh-2.05$ 
sh-2.05$ 
sh-2.05$ 
sh-2.05$ 
sh-2.05$ 4
sh: 4: command not found
sh-2.05$ 
sh-2.05$ 
sh-2.05$ 
sh-2.05$ 
sh-2.05$ 
sh-2.05$ 
sh-2.05$ 
sh-2.05$ 
sh-2.05$ 43./memerror2 test123sh-2.05$ gcc -Wall -o memerror2 memerror2.c
sh-2.05$ gcc -Wall -o memerror2 memerror2.csh-2.05$ 4[K3./memerror2 test123sh-2.05$ gcc -Wall -o memerror2 memerror2.csh-2.05$ ./memerror2 test123[K
the reversed string is ''
sh-2.05$ d gdb memerror2 .memerror2/memerror2
GNU gdb 5.3
Copyright 2002 Free Software Foundation, Inc.
GDB is free software, covered by the GNU General Public License, and you are
welcome to change it and/or distribute copies of it under certain conditions.
Type "show copying" to see the conditions.
There is absolutely no warranty for GDB.  Type "show warranty" for details.
This GDB was configured as "sparc-sun-solaris2.9"...
(no debugging symbols found)...
(gdb) break 1
Can't find a default source file
(gdb) run test123
Starting program: /net/ugrads/blai4021/CS_121/lab05/memerror2 test123
(no debugging symbols found)...
(no debugging symbols found)...
(no debugging symbols found)..the reversed string is ''
.
Program exited normally.
(gdb) file memerror2
Reading symbols from memerror2...
(no debugging symbols found)...done.
(gdb) break 2
Can't find a default source file
(gdb) break 2
Can't find a default source file
(gdb) run test
Starting program: /net/ugrads/blai4021/CS_121/lab05/memerror2 test
(no debugging symbols found)...
(no debugging symbols found)...
(no debugging symbols found)..the reversed string is ''
.
Program exited normally.
(gdb) quit
sh-2.05$ gdb ./memerror2sh-2.05$ ./memerror2 test123sh-2.05$ gcc -Wall -o memerror2 memerror2.c
sh-2.05$ gcc -Wall -o memerror2 memerror2.csh-2.05$ gdb ./memerror2[K
GNU gdb 5.3
Copyright 2002 Free Software Foundation, Inc.
GDB is free software, covered by the GNU General Public License, and you are
welcome to change it and/or distribute copies of it under certain conditions.
Type "show copying" to see the conditions.
There is absolutely no warranty for GDB.  Type "show warranty" for details.
This GDB was configured as "sparc-sun-solaris2.9"...
(no debugging symbols found)...
(gdb) run test
Starting program: /net/ugrads/blai4021/CS_121/lab05/memerror2 test
(no debugging symbols found)...
(no debugging symbols found)...
(no debugging symbols found)..the reversed string is 'tset'
.
Program exited normally.
(gdb) break 20
Can't find a default source file
(gdb) file memerror        ./memerror2
Reading symbols from ./memerror2...
(no debugging symbols found)...done.
(gdb) break 2
Can't find a default source file
(gdb) preint    int argc
No symbol table is loaded.  Use the "file" command.
(gdb) file memerror2
Reading symbols from memerror2...
(no debugging symbols found)...done.
(gdb) file memerror2(gdb) print argc[K
No symbol table is loaded.  Use the "file" command.
(gdb) break memerror2
Function "memerror2" not defined.
(gdb) file break memerror2(gdb) print argc[K(gdb) file memerror2(gdb) print argc[K(gdb) file memerror2
Reading symbols from memerror2...
(no debugging symbols found)...done.
(gdb) file memerror2(gdb) break memerror2
Function "memerror2" not defined.
(gdb) break main
Breakpoint 1 at 0x10770
(gdb) ne  run
Starting program: /net/ugrads/blai4021/CS_121/lab05/memerror2 test
(no debugging symbols found)...
(no debugging symbols found)...
(no debugging symbols found)...
Breakpoint 1, 0x00010770 in main ()
(gdb) qy  print argv
No symbol table is loaded.  Use the "file" command.
(gdb) print argv[2]
No symbol table is loaded.  Use the "file" command.
(gdb) print String  BuffertringBuffer[KstringBuffer
No symbol table is loaded.  Use the "file" command.
(gdb) next
Single stepping until exit from function main, 
which has no line number information.
the reversed string is 'tset'
0x00010604 in _start ()
(gdb) nextprint stringBufferargv[2][K[K(gdb) run[Kbreak main(gdb) run[K test
The program being debugged has been started already.
Start it from the beginning? (y or n) y

Starting program: /net/ugrads/blai4021/CS_121/lab05/memerror2 test
(no debugging symbols found)...
(no debugging symbols found)...
(no debugging symbols found)...
Breakpoint 1, 0x00010770 in main ()
(gdb) step
Single stepping until exit from function main, 
which has no line number information.
the reversed string is 'tset'
0x00010604 in _start ()
(gdb) steprun test
The program being debugged has been started already.
Start it from the beginning? (y or n) 
Please answer y or n.
The program being debugged has been started already.
Start it from the beginning? (y or n) y

Starting program: /net/ugrads/blai4021/CS_121/lab05/memerror2 test
(no debugging symbols found)...
(no debugging symbols found)...
(no debugging symbols found)...
Breakpoint 1, 0x00010770 in main ()
(gdb) file memerror2
A program is being debugged already.  Kill it? (y or n) y

Reading symbols from memerror2...
(no debugging symbols found)...done.
(gdb) break main
Note: breakpoint 1 also set at pc 0x10770.
Breakpoint 2 at 0x10770
(gdb) break 2 10
Can't find a default source file
(gdb) run test
Starting program: /net/ugrads/blai4021/CS_121/lab05/memerror2 test
(no debugging symbols found)...
(no debugging symbols found)...
(no debugging symbols found)...
Breakpoint 1, 0x00010770 in main ()
(gdb) print arc gv[2]
No symbol table is loaded.  Use the "file" command.
(gdb) break       print stringBuffer
No symbol table is loaded.  Use the "file" command.
(gdb) print stringBufferargv[2][K(gdb) run test[K(gdb) break 10main(gdb) file memerror2
A program is being debugged already.  Kill it? (y or n) y

Reading symbols from memerror2...
(no debugging symbols found)...done.
(gdb) break s revere seIt
Breakpoint 3 at 0x10800
(gdb) run test
Starting program: /net/ugrads/blai4021/CS_121/lab05/memerror2 test
(no debugging symbols found)...
(no debugging symbols found)...
(no debugging symbols found)...
Breakpoint 1, 0x00010770 in main ()
(gdb) next
Single stepping until exit from function main, 
which has no line number information.

Breakpoint 3, 0x00010800 in reverseIt ()
(gdb) print StringLength
No symbol table